// Jest Snapshot v1, https://goo.gl/fbAQLP

exports[`Create Postbox 1`] = `"<div id="isso-root"></div><div class="isso-postbox"><div class="isso-form-wrapper"><div class="isso-textarea-wrapper"><textarea class="isso-textarea" rows="5" minlength="3" maxlength="65535" placeholder="Type Comment Here (at least 3 chars)"></textarea><div class="isso-preview"><div class="isso-comment"><div class="isso-text-wrapper"><div class="isso-text"></div></div></div></div></div><div class="isso-auth-section"><p class="isso-input-wrapper"><label for="isso-postbox-author">Name (optional)</label><input id="isso-postbox-author" type="text" name="author" placeholder="John Doe" value=""></p><p class="isso-input-wrapper"><label for="isso-postbox-email">E-mail (optional)</label><input id="isso-postbox-email" type="email" name="email" placeholder="johndoe@example.com" value=""></p><p class="isso-input-wrapper"><label for="isso-postbox-website">Website (optional)</label><input id="isso-postbox-website" type="text" name="website" placeholder="https://example.com" value=""></p><p class="isso-post-action"><input type="submit" value="Submit"></p><p class="isso-post-action"><input type="button" name="preview" value="Preview"></p><p class="isso-post-action"><input type="button" name="edit" value="Edit"></p></div><div class="isso-notification-section" style="display: none;"><label><input type="checkbox" name="notification">Subscribe to email notification of replies</label></div></div></div>"`;
